2026-05-16 01:11:10,295 [INFO] __main__: ✅ BOT_TOKEN загружен
2026-05-16 01:11:10,386 [ERROR] __main__: ❌ Ошибка подключения к БД: No module named 'database.db'; 'database' is not a package
2026-05-16 01:11:10,386 [WARNING] __main__: ⚠️  Продолжаем без БД (некоторые функции будут недоступны)
2026-05-16 01:11:10,389 [ERROR] __main__: ❌ Критическая ошибка: cannot import name 'create_bot_and_dispatcher' from 'bot' (C:\Users\User\PyCharmMiscProject\bot.py)
2026-05-16 01:11:10,389 [INFO] __main__: 👋 Бот завершил работу
2026-05-16 01:12:49,688 [INFO] __main__: ✅ BOT_TOKEN загружен
2026-05-16 01:12:52,146 [INFO] __main__: ✅ Бот и диспетчер созданы
2026-05-16 01:12:52,146 [INFO] aiogram.dispatcher: Start polling
2026-05-16 01:12:56,733 [INFO] aiogram.dispatcher: Run polling for bot @iitu_se_schedule_bot id=8109898201 - 'Schedule Bot'
2026-05-16 01:13:09,294 [INFO] aiogram.event: Update id=649001126 is not handled. Duration 0 ms by bot id=8109898201
2026-05-16 01:13:32,965 [INFO] aiogram.event: Update id=649001127 is not handled. Duration 0 ms by bot id=8109898201
2026-05-16 01:15:40,963 [INFO] aiogram.dispatcher: Polling stopped
2026-05-16 01:15:40,963 [ERROR] aiogram.dispatcher: Failed to fetch updates - TelegramNetworkError: HTTP Client says - ServerDisconnectedError: Server disconnected
2026-05-16 01:15:40,964 [WARNING] aiogram.dispatcher: Sleep for 1.000000 seconds and try again... (tryings = 0, bot id = 8109898201)
2026-05-16 01:15:41,224 [INFO] __main__: 👋 Бот завершил работу
2026-05-16 01:15:41,233 [INFO] aiogram.dispatcher: Polling stopped for bot @iitu_se_schedule_bot id=8109898201 - 'Schedule Bot'
2026-05-16 01:18:02,804 [INFO] __main__: ✅ BOT_TOKEN загружен
2026-05-16 01:18:05,106 [INFO] __main__: ✅ Все обработчики зарегистрированы
2026-05-16 01:18:05,107 [INFO] aiogram.dispatcher: Start polling
2026-05-16 01:18:05,411 [INFO] aiogram.dispatcher: Run polling for bot @iitu_se_schedule_bot id=8109898201 - 'Schedule Bot'
2026-05-16 01:18:14,006 [INFO] aiogram.event: Update id=649001128 is handled. Duration 305 ms by bot id=8109898201
2026-05-16 01:18:22,011 [INFO] aiogram.event: Update id=649001129 is handled. Duration 117 ms by bot id=8109898201
2026-05-16 01:18:25,712 [INFO] aiogram.event: Update id=649001130 is handled. Duration 114 ms by bot id=8109898201
2026-05-16 01:19:08,520 [INFO] aiogram.dispatcher: Polling stopped
2026-05-16 01:19:08,521 [ERROR] aiogram.dispatcher: Failed to fetch updates - TelegramNetworkError: HTTP Client says - ServerDisconnectedError: Server disconnected
2026-05-16 01:19:08,522 [WARNING] aiogram.dispatcher: Sleep for 1.000000 seconds and try again... (tryings = 0, bot id = 8109898201)
2026-05-16 01:19:08,774 [INFO] __main__: 👋 Бот завершил работу
2026-05-16 01:19:08,775 [INFO] aiogram.dispatcher: Polling stopped for bot @iitu_se_schedule_bot id=8109898201 - 'Schedule Bot'
2026-05-17 20:16:13,460 [INFO] __main__: ✅ BOT_TOKEN загружен
2026-05-17 20:16:20,108 [INFO] __main__: ✅ Все обработчики зарегистрированы
2026-05-17 20:16:20,150 [INFO] aiogram.dispatcher: Start polling
2026-05-17 20:16:20,518 [INFO] aiogram.dispatcher: Run polling for bot @iitu_se_schedule_bot id=8109898201 - 'Schedule Bot'
2026-05-17 20:16:42,022 [INFO] aiogram.event: Update id=649001131 is handled. Duration 376 ms by bot id=8109898201
2026-05-17 20:16:47,194 [INFO] aiogram.event: Update id=649001132 is handled. Duration 116 ms by bot id=8109898201
2026-05-17 20:16:51,134 [INFO] aiogram.event: Update id=649001133 is handled. Duration 126 ms by bot id=8109898201
2026-05-17 20:16:53,621 [INFO] aiogram.event: Update id=649001134 is handled. Duration 223 ms by bot id=8109898201
2026-05-17 20:16:57,150 [INFO] aiogram.event: Update id=649001135 is handled. Duration 126 ms by bot id=8109898201
2026-05-17 20:16:59,895 [INFO] aiogram.event: Update id=649001136 is handled. Duration 124 ms by bot id=8109898201
2026-05-17 20:17:06,759 [INFO] aiogram.dispatcher: Polling stopped
2026-05-17 20:17:06,762 [ERROR] aiogram.dispatcher: Failed to fetch updates - TelegramNetworkError: HTTP Client says - ServerDisconnectedError: Server disconnected
2026-05-17 20:17:06,762 [WARNING] aiogram.dispatcher: Sleep for 1.000000 seconds and try again... (tryings = 0, bot id = 8109898201)
2026-05-17 20:17:07,021 [INFO] __main__: 👋 Бот завершил работу
2026-05-17 20:17:07,023 [INFO] aiogram.dispatcher: Polling stopped for bot @iitu_se_schedule_bot id=8109898201 - 'Schedule Bot'
2026-05-19 22:02:53,892 [INFO] __main__: ✅ BOT_TOKEN загружен
2026-05-19 22:02:56,668 [INFO] __main__: ✅ Все обработчики зарегистрированы
2026-05-19 22:02:56,669 [INFO] aiogram.dispatcher: Start polling
2026-05-19 22:02:56,967 [INFO] aiogram.dispatcher: Run polling for bot @iitu_se_schedule_bot id=8109898201 - 'Schedule Bot'
2026-05-19 22:03:35,068 [INFO] aiogram.event: Update id=649001138 is handled. Duration 335 ms by bot id=8109898201
2026-05-19 22:03:37,489 [INFO] aiogram.event: Update id=649001139 is handled. Duration 113 ms by bot id=8109898201
2026-05-19 22:03:39,183 [INFO] aiogram.event: Update id=649001140 is handled. Duration 130 ms by bot id=8109898201
2026-05-19 22:03:56,366 [INFO] aiogram.event: Update id=649001141 is handled. Duration 236 ms by bot id=8109898201
2026-05-19 22:03:57,745 [INFO] aiogram.event: Update id=649001142 is handled. Duration 284 ms by bot id=8109898201
2026-05-19 22:03:59,083 [INFO] aiogram.event: Update id=649001143 is handled. Duration 237 ms by bot id=8109898201
2026-05-19 22:04:03,465 [INFO] aiogram.event: Update id=649001144 is handled. Duration 209 ms by bot id=8109898201
2026-05-19 22:04:07,794 [INFO] aiogram.event: Update id=649001145 is handled. Duration 236 ms by bot id=8109898201
2026-05-19 22:04:10,265 [INFO] aiogram.event: Update id=649001146 is handled. Duration 118 ms by bot id=8109898201
2026-05-19 22:04:12,566 [INFO] aiogram.event: Update id=649001147 is handled. Duration 143 ms by bot id=8109898201
2026-05-19 22:04:15,119 [INFO] aiogram.event: Update id=649001148 is handled. Duration 126 ms by bot id=8109898201
2026-05-19 22:04:16,872 [INFO] aiogram.event: Update id=649001149 is handled. Duration 136 ms by bot id=8109898201
2026-05-19 22:04:22,663 [INFO] aiogram.dispatcher: Polling stopped
2026-05-19 22:04:22,673 [ERROR] aiogram.dispatcher: Failed to fetch updates - TelegramNetworkError: HTTP Client says - ServerDisconnectedError: Server disconnected
2026-05-19 22:04:22,688 [WARNING] aiogram.dispatcher: Sleep for 1.000000 seconds and try again... (tryings = 0, bot id = 8109898201)
2026-05-19 22:04:22,952 [INFO] __main__: 👋 Бот завершил работу
2026-05-19 22:04:22,954 [INFO] aiogram.dispatcher: Polling stopped for bot @iitu_se_schedule_bot id=8109898201 - 'Schedule Bot'
2026-05-20 12:52:26,118 [INFO] __main__: ✅ BOT_TOKEN загружен
2026-05-20 12:52:29,218 [INFO] __main__: ✅ Все обработчики зарегистрированы
2026-05-20 12:52:29,218 [INFO] aiogram.dispatcher: Start polling
2026-05-20 12:52:29,521 [INFO] aiogram.dispatcher: Run polling for bot @iitu_se_schedule_bot id=8109898201 - 'Schedule Bot'
2026-05-20 12:52:29,929 [INFO] aiogram.event: Update id=649001150 is handled. Duration 310 ms by bot id=8109898201
2026-05-20 12:53:47,740 [INFO] aiogram.event: Update id=649001151 is handled. Duration 128 ms by bot id=8109898201
2026-05-20 12:53:56,327 [INFO] aiogram.event: Update id=649001152 is handled. Duration 213 ms by bot id=8109898201
2026-05-20 12:53:59,279 [INFO] aiogram.event: Update id=649001153 is handled. Duration 117 ms by bot id=8109898201
2026-05-20 12:54:03,201 [INFO] aiogram.event: Update id=649001154 is handled. Duration 119 ms by bot id=8109898201
2026-05-20 12:54:06,408 [INFO] aiogram.event: Update id=649001155 is handled. Duration 120 ms by bot id=8109898201
2026-05-20 12:54:09,332 [INFO] aiogram.event: Update id=649001156 is handled. Duration 118 ms by bot id=8109898201
2026-05-20 13:00:28,079 [INFO] aiogram.event: Update id=649001157 is handled. Duration 117 ms by bot id=8109898201
2026-05-20 13:00:50,277 [INFO] aiogram.event: Update id=649001158 is handled. Duration 124 ms by bot id=8109898201
2026-05-20 13:01:00,701 [INFO] aiogram.event: Update id=649001159 is handled. Duration 116 ms by bot id=8109898201
2026-05-20 13:01:08,726 [INFO] aiogram.event: Update id=649001160 is handled. Duration 188 ms by bot id=8109898201
2026-05-20 13:01:13,483 [INFO] aiogram.event: Update id=649001161 is handled. Duration 221 ms by bot id=8109898201
2026-05-20 13:01:20,209 [INFO] aiogram.event: Update id=649001162 is handled. Duration 132 ms by bot id=8109898201
2026-05-20 13:01:28,315 [INFO] aiogram.event: Update id=649001163 is handled. Duration 118 ms by bot id=8109898201
2026-05-20 13:01:34,616 [INFO] aiogram.event: Update id=649001164 is handled. Duration 118 ms by bot id=8109898201
2026-05-20 13:18:25,062 [INFO] aiogram.event: Update id=649001165 is handled. Duration 127 ms by bot id=8109898201
2026-05-20 18:09:20,750 [INFO] __main__: ✅ BOT_TOKEN загружен
2026-05-20 18:09:32,678 [INFO] __main__: ✅ Все обработчики зарегистрированы
2026-05-20 18:09:32,687 [INFO] aiogram.dispatcher: Start polling
2026-05-20 18:09:33,075 [INFO] aiogram.dispatcher: Run polling for bot @iitu_se_schedule_bot id=8109898201 - 'Schedule Bot SE'
2026-05-20 18:09:33,526 [INFO] aiogram.event: Update id=649001166 is handled. Duration 319 ms by bot id=8109898201
2026-05-20 18:09:46,381 [INFO] aiogram.event: Update id=649001167 is handled. Duration 126 ms by bot id=8109898201
2026-05-20 18:09:49,614 [INFO] aiogram.dispatcher: Polling stopped
2026-05-20 18:09:49,619 [ERROR] aiogram.dispatcher: Failed to fetch updates - TelegramNetworkError: HTTP Client says - ServerDisconnectedError: Server disconnected
2026-05-20 18:09:49,620 [WARNING] aiogram.dispatcher: Sleep for 1.000000 seconds and try again... (tryings = 0, bot id = 8109898201)
2026-05-20 18:09:49,884 [INFO] __main__: 👋 Бот завершил работу
2026-05-20 18:09:49,885 [INFO] aiogram.dispatcher: Polling stopped for bot @iitu_se_schedule_bot id=8109898201 - 'Schedule Bot SE'
2026-05-20 19:48:15,768 [INFO] __main__: ✅ BOT_TOKEN загружен
2026-05-20 19:48:18,317 [INFO] __main__: ✅ Все обработчики зарегистрированы
2026-05-20 19:48:18,317 [INFO] aiogram.dispatcher: Start polling
2026-05-20 19:48:18,646 [INFO] aiogram.dispatcher: Run polling for bot @iitu_se_schedule_bot id=8109898201 - 'Schedule Bot SE'
2026-05-20 19:48:19,055 [INFO] aiogram.event: Update id=649001168 is handled. Duration 300 ms by bot id=8109898201
2026-05-20 19:48:29,984 [INFO] aiogram.dispatcher: Polling stopped
2026-05-20 19:48:29,985 [ERROR] aiogram.dispatcher: Failed to fetch updates - TelegramNetworkError: HTTP Client says - ServerDisconnectedError: Server disconnected
2026-05-20 19:48:29,985 [WARNING] aiogram.dispatcher: Sleep for 1.000000 seconds and try again... (tryings = 0, bot id = 8109898201)
2026-05-20 19:48:30,250 [INFO] __main__: 👋 Бот завершил работу
2026-05-20 19:48:30,250 [INFO] aiogram.dispatcher: Polling stopped for bot @iitu_se_schedule_bot id=8109898201 - 'Schedule Bot SE'
2026-05-20 21:31:01,978 [INFO] __main__: ✅ BOT_TOKEN загружен
2026-05-20 21:31:04,540 [INFO] __main__: ✅ Все обработчики зарегистрированы
2026-05-20 21:31:04,541 [INFO] aiogram.dispatcher: Start polling
2026-05-20 21:31:04,826 [INFO] aiogram.dispatcher: Run polling for bot @iitu_se_schedule_bot id=8109898201 - 'Schedule Bot SE'
2026-05-20 21:31:15,729 [INFO] aiogram.event: Update id=649001169 is handled. Duration 296 ms by bot id=8109898201
2026-05-20 21:31:20,669 [INFO] aiogram.event: Update id=649001170 is handled. Duration 121 ms by bot id=8109898201
2026-05-20 21:32:21,768 [INFO] aiogram.dispatcher: Polling stopped
2026-05-20 21:32:21,770 [ERROR] aiogram.dispatcher: Failed to fetch updates - TelegramNetworkError: HTTP Client says - ServerDisconnectedError: Server disconnected
2026-05-20 21:32:21,771 [WARNING] aiogram.dispatcher: Sleep for 1.000000 seconds and try again... (tryings = 0, bot id = 8109898201)
2026-05-20 21:32:22,036 [INFO] __main__: 👋 Бот завершил работу
2026-05-20 21:32:22,046 [INFO] aiogram.dispatcher: Polling stopped for bot @iitu_se_schedule_bot id=8109898201 - 'Schedule Bot SE'
2026-05-20 21:45:15,569 [INFO] __main__: ✅ BOT_TOKEN загружен
2026-05-20 21:45:18,160 [INFO] __main__: ✅ Все обработчики зарегистрированы
2026-05-20 21:45:18,160 [INFO] aiogram.dispatcher: Start polling
2026-05-20 21:45:18,468 [INFO] aiogram.dispatcher: Run polling for bot @iitu_se_schedule_bot id=8109898201 - 'Schedule Bot SE'
2026-05-20 21:47:25,546 [INFO] aiogram.event: Update id=649001171 is handled. Duration 323 ms by bot id=8109898201
2026-05-20 21:47:27,266 [INFO] aiogram.event: Update id=649001172 is handled. Duration 134 ms by bot id=8109898201
2026-05-20 21:47:28,708 [INFO] aiogram.event: Update id=649001173 is handled. Duration 265 ms by bot id=8109898201
2026-05-20 21:51:42,420 [INFO] aiogram.dispatcher: Polling stopped
2026-05-20 21:51:42,422 [ERROR] aiogram.dispatcher: Failed to fetch updates - TelegramNetworkError: HTTP Client says - ServerDisconnectedError: Server disconnected
2026-05-20 21:51:42,422 [WARNING] aiogram.dispatcher: Sleep for 1.000000 seconds and try again... (tryings = 0, bot id = 8109898201)
2026-05-20 21:51:42,676 [INFO] __main__: 👋 Бот завершил работу
2026-05-20 21:51:42,676 [INFO] aiogram.dispatcher: Polling stopped for bot @iitu_se_schedule_bot id=8109898201 - 'Schedule Bot SE'
2026-05-20 22:11:21,054 [INFO] __main__: ✅ BOT_TOKEN загружен
2026-05-20 22:11:26,151 [INFO] __main__: ✅ Все обработчики зарегистрированы
2026-05-20 22:11:26,152 [INFO] aiogram.dispatcher: Start polling
2026-05-20 22:11:26,462 [INFO] aiogram.dispatcher: Run polling for bot @iitu_se_schedule_bot id=8109898201 - 'Schedule Bot SE'
2026-05-20 22:25:53,419 [INFO] aiogram.dispatcher: Polling stopped
2026-05-20 22:25:53,421 [ERROR] aiogram.dispatcher: Failed to fetch updates - TelegramNetworkError: HTTP Client says - ServerDisconnectedError: Server disconnected
2026-05-20 22:25:53,422 [WARNING] aiogram.dispatcher: Sleep for 1.000000 seconds and try again... (tryings = 0, bot id = 8109898201)
2026-05-20 22:25:53,681 [INFO] __main__: 👋 Бот завершил работу
2026-05-20 22:25:53,683 [INFO] aiogram.dispatcher: Polling stopped for bot @iitu_se_schedule_bot id=8109898201 - 'Schedule Bot SE'
2026-05-20 22:27:31,429 [INFO] __main__: ✅ BOT_TOKEN загружен
2026-05-20 22:27:35,797 [INFO] __main__: ✅ Все обработчики зарегистрированы
2026-05-20 22:27:35,797 [INFO] aiogram.dispatcher: Start polling
2026-05-20 22:27:36,128 [INFO] aiogram.dispatcher: Run polling for bot @iitu_se_schedule_bot id=8109898201 - 'Schedule Bot SE'
2026-05-20 22:27:39,287 [INFO] aiogram.event: Update id=649001174 is handled. Duration 328 ms by bot id=8109898201
2026-05-20 22:27:41,525 [INFO] aiogram.event: Update id=649001175 is handled. Duration 136 ms by bot id=8109898201
2026-05-20 22:27:43,148 [INFO] aiogram.event: Update id=649001176 is handled. Duration 126 ms by bot id=8109898201
2026-05-20 22:29:22,766 [INFO] aiogram.dispatcher: Polling stopped
2026-05-20 22:29:22,767 [ERROR] aiogram.dispatcher: Failed to fetch updates - TelegramNetworkError: HTTP Client says - ServerDisconnectedError: Server disconnected
2026-05-20 22:29:22,768 [WARNING] aiogram.dispatcher: Sleep for 1.000000 seconds and try again... (tryings = 0, bot id = 8109898201)
2026-05-20 22:29:23,023 [INFO] __main__: 👋 Бот завершил работу
2026-05-20 22:29:23,024 [INFO] aiogram.dispatcher: Polling stopped for bot @iitu_se_schedule_bot id=8109898201 - 'Schedule Bot SE'
2026-05-20 23:12:45,986 [INFO] __main__: ✅ BOT_TOKEN загружен
2026-05-20 23:12:48,444 [INFO] __main__: ✅ Все обработчики зарегистрированы
2026-05-20 23:12:48,444 [INFO] aiogram.dispatcher: Start polling
2026-05-20 23:12:48,761 [INFO] aiogram.dispatcher: Run polling for bot @iitu_se_schedule_bot id=8109898201 - 'Schedule Bot SE'
2026-05-20 23:13:12,230 [INFO] aiogram.event: Update id=649001177 is handled. Duration 325 ms by bot id=8109898201
2026-05-20 23:13:18,907 [INFO] aiogram.dispatcher: Polling stopped
2026-05-20 23:13:18,908 [ERROR] aiogram.dispatcher: Failed to fetch updates - TelegramNetworkError: HTTP Client says - ServerDisconnectedError: Server disconnected
2026-05-20 23:13:18,909 [WARNING] aiogram.dispatcher: Sleep for 1.000000 seconds and try again... (tryings = 0, bot id = 8109898201)
2026-05-20 23:13:19,166 [INFO] __main__: 👋 Бот завершил работу
2026-05-20 23:13:19,167 [INFO] aiogram.dispatcher: Polling stopped for bot @iitu_se_schedule_bot id=8109898201 - 'Schedule Bot SE'
2026-05-20 23:16:08,647 [INFO] __main__: ✅ BOT_TOKEN загружен
2026-05-20 23:16:11,039 [INFO] __main__: ✅ Все обработчики зарегистрированы
2026-05-20 23:16:11,040 [INFO] aiogram.dispatcher: Start polling
2026-05-20 23:16:11,339 [INFO] aiogram.dispatcher: Run polling for bot @iitu_se_schedule_bot id=8109898201 - 'Schedule Bot SE'
2026-05-20 23:16:19,966 [INFO] aiogram.event: Update id=649001178 is handled. Duration 370 ms by bot id=8109898201
2026-05-20 23:16:36,888 [INFO] aiogram.event: Update id=649001179 is handled. Duration 118 ms by bot id=8109898201
2026-05-20 23:16:39,026 [INFO] aiogram.event: Update id=649001180 is handled. Duration 126 ms by bot id=8109898201
2026-05-20 23:16:42,600 [INFO] aiogram.dispatcher: Polling stopped
2026-05-20 23:16:42,601 [ERROR] aiogram.dispatcher: Failed to fetch updates - TelegramNetworkError: HTTP Client says - ServerDisconnectedError: Server disconnected
2026-05-20 23:16:42,601 [WARNING] aiogram.dispatcher: Sleep for 1.000000 seconds and try again... (tryings = 0, bot id = 8109898201)
2026-05-20 23:16:42,859 [INFO] __main__: 👋 Бот завершил работу
2026-05-20 23:16:42,860 [INFO] aiogram.dispatcher: Polling stopped for bot @iitu_se_schedule_bot id=8109898201 - 'Schedule Bot SE'
2026-05-20 23:18:32,312 [INFO] __main__: ✅ BOT_TOKEN загружен
2026-05-20 23:18:34,728 [INFO] __main__: ✅ Все обработчики зарегистрированы
2026-05-20 23:18:34,728 [INFO] aiogram.dispatcher: Start polling
2026-05-20 23:18:35,019 [INFO] aiogram.dispatcher: Run polling for bot @iitu_se_schedule_bot id=8109898201 - 'Schedule Bot SE'
2026-05-20 23:18:42,859 [INFO] aiogram.event: Update id=649001181 is handled. Duration 324 ms by bot id=8109898201
2026-05-20 23:18:48,348 [INFO] aiogram.event: Update id=649001182 is handled. Duration 117 ms by bot id=8109898201
2026-05-20 23:18:49,875 [INFO] aiogram.event: Update id=649001183 is handled. Duration 120 ms by bot id=8109898201
2026-05-20 23:18:51,955 [INFO] aiogram.event: Update id=649001184 is handled. Duration 120 ms by bot id=8109898201
2026-05-20 23:18:55,042 [INFO] aiogram.dispatcher: Polling stopped
2026-05-20 23:18:55,043 [ERROR] aiogram.dispatcher: Failed to fetch updates - TelegramNetworkError: HTTP Client says - ServerDisconnectedError: Server disconnected
2026-05-20 23:18:55,043 [WARNING] aiogram.dispatcher: Sleep for 1.000000 seconds and try again... (tryings = 0, bot id = 8109898201)
2026-05-20 23:18:55,306 [INFO] __main__: 👋 Бот завершил работу
2026-05-20 23:18:55,307 [INFO] aiogram.dispatcher: Polling stopped for bot @iitu_se_schedule_bot id=8109898201 - 'Schedule Bot SE'
2026-05-20 23:22:40,707 [INFO] __main__: ✅ BOT_TOKEN загружен
2026-05-20 23:22:43,139 [INFO] __main__: ✅ Все обработчики зарегистрированы
2026-05-20 23:22:43,139 [INFO] aiogram.dispatcher: Start polling
2026-05-20 23:22:43,874 [INFO] aiogram.dispatcher: Run polling for bot @iitu_se_schedule_bot id=8109898201 - 'Schedule Bot SE'
2026-05-20 23:22:57,407 [INFO] aiogram.event: Update id=649001185 is handled. Duration 335 ms by bot id=8109898201
2026-05-20 23:23:02,491 [INFO] aiogram.event: Update id=649001186 is handled. Duration 139 ms by bot id=8109898201
2026-05-20 23:23:04,736 [INFO] aiogram.event: Update id=649001187 is handled. Duration 116 ms by bot id=8109898201
2026-05-20 23:24:21,558 [INFO] aiogram.event: Update id=649001188 is handled. Duration 181 ms by bot id=8109898201
2026-05-20 23:24:29,038 [INFO] aiogram.event: Update id=649001189 is handled. Duration 136 ms by bot id=8109898201
2026-05-20 23:24:30,673 [INFO] aiogram.event: Update id=649001190 is handled. Duration 109 ms by bot id=8109898201
2026-05-20 23:24:33,923 [INFO] aiogram.event: Update id=649001191 is handled. Duration 137 ms by bot id=8109898201
2026-05-20 23:24:52,263 [INFO] aiogram.dispatcher: Polling stopped
2026-05-20 23:24:52,264 [ERROR] aiogram.dispatcher: Failed to fetch updates - TelegramNetworkError: HTTP Client says - ServerDisconnectedError: Server disconnected
2026-05-20 23:24:52,264 [WARNING] aiogram.dispatcher: Sleep for 1.000000 seconds and try again... (tryings = 0, bot id = 8109898201)
2026-05-20 23:24:52,521 [INFO] __main__: 👋 Бот завершил работу
2026-05-20 23:24:52,521 [INFO] aiogram.dispatcher: Polling stopped for bot @iitu_se_schedule_bot id=8109898201 - 'Schedule Bot SE'
